// Jest Snapshot v1, https://goo.gl/fbAQLP

exports[`Card renders correctly 1`] = `
<div>
  <div
    className="sc-bdVaJa cFlAQs"
  >
    <div>
      Hello I am some content
    </div>
  </div>
</div>
`;
